// Jest Snapshot v1, https://goo.gl/fbAQLP

exports[`Renders without crashing 1`] = `
<div
  className="src_shared_index_css__test"
>
  Hello World! ðŸš€
</div>
`;
